2026-04-13 15:11:53,624 [INFO] flats: Application sent:
4-Zimmer-Wohnung in Friedrichshain
zip code: 10249
flat size: 94.7
rooms: 4.0
property attributes: bad mit wanne, aufzug, balkon
hash: e780262dcc4ca3482f3530f5603048654ab2bea3f5d9d5b8d9082c4f9a6602c8

2026-04-14 16:37:59,481 [INFO] flats: Application sent:
2-Zimmer-Wohnung in Friedrichshain
zip code: 10247
flat size: 50.75
rooms: 2.0
property attributes: bad mit dusche, bad mit fenster, abstellraum
hash: eefa6e8d675d3a620d40a3ad5bb9227b0d0831095afdab080931440ec05ddfa4

2026-04-15 19:51:48,809 [INFO] flats: Application sent:
3-Zimmer-Wohnung in Friedrichshain
zip code: 10245
flat size: 57.84
rooms: 3.0
property attributes: bad mit wanne, bad mit fenster, balkon, abstellraum
hash: f74a306437e7ce77080e5251548fe0d35e4978562f18e6defdad686b54785927

2026-04-16 15:48:52,135 [INFO] flats: Application sent:
2-Zimmer-Wohnung in Friedrichshain
zip code: 10247
flat size: 51.86
rooms: 2.0
property attributes: bad mit wanne, balkon
hash: 34af78532b341207de2ea4e22d06c4be541237b2a0f0c7a443996e78d39103b1

2026-04-17 12:50:56,418 [INFO] flats: Application sent:
3-Zimmer-Wohnung in Mitte
zip code: 10115
flat size: 66.87
rooms: 3.0
property attributes: bad mit wanne, abstellraum
hash: 1fc0e2dccafc98dabfb3a156a338cc7c5422ee571ecebd606fc0fa7a44edd306

2026-04-17 12:51:05,049 [INFO] flats: Application sent:
2-Zimmer Maisonette-Wohnung in Mitte
zip code: 10117
flat size: 52.63
rooms: 2.0
property attributes: bad mit dusche, abstellraum
hash: 67d63a630000e0f984d216641ef19ba4d8b0827b97c69e6e51e4b9396088006e

2026-04-21 09:50:26,361 [INFO] flats: Application sent:
2-Zimmer-Wohnung in Friedrichshain
zip code: 10249
flat size: 58.02
rooms: 2.0
property attributes: bad mit wanne, bad mit fenster, rolladen, abstellraum
hash: 6f133aa0ab2c98a64dea0d1bc522be95b0c011d575fda2fc1cc004a22ece1fb6

2026-04-22 13:50:36,471 [INFO] flats: Application sent:
3-Zimmer-Wohnung in Friedrichshain an der Weberwiese
zip code: 10243
flat size: 77.62
rooms: 3.0
property attributes: bad mit wanne, bad mit fenster
hash: e5cd7cacbee03365bfe14e15b8e75742382439074b43e0e3dbc0a45068a9fd76

2026-04-22 15:50:06,801 [INFO] flats: Application sent:
Lichtdurchflutete 3-Zimmer-Wohnung in Friedrichshain
zip code: 10249
flat size: 68.73
rooms: 3.0
property attributes: bad mit dusche, bad mit fenster, balkon
hash: 9728c08dfcce05d90e7c79fa7f0ab62e3ca73fe3a361e82277ed2c07828b120a

2026-04-23 06:27:58,886 [INFO] flats: Application sent:
2-Zimmer-Wohnung in Friedrichshain an der Weberwiese
zip code: 10243
flat size: 54.02
rooms: 2.0
property attributes: bad mit wanne, bad mit fenster
hash: d4245b62406e1528ec98544359dafbe2d05cd8a9c31e2186820c0eed2b43979f

2026-04-23 11:49:56,686 [INFO] flats: Application sent:
1-Zimmer-Wohnung in Mitte
zip code: 10179
flat size: 45.84
rooms: 1.0
property attributes: bad mit dusche, aufzug, neubau, offene küche, balkon
hash: 21c282c462ed0b2235404d3450162ee50c7f3cbb1828150ee3159a1baa1a9c3f

2026-04-23 17:29:21,748 [INFO] flats: Application sent:
1-Zimmer-Wohnung in Mitte
zip code: 10179
flat size: 45.84
rooms: 1.0
property attributes: aufzug, neubau, offene küche, balkon
hash: 0ca367acdf726be3ddaab0ce1af1a713a7c78f3ecd68559dd2215397d9bda2eb

2026-04-29 05:49:40,384 [INFO] flats: Application sent:
3-Zimmer-Wohnung in Mitte
zip code: 10178
flat size: 77.78
rooms: 3.0
property attributes: bad mit dusche, aufzug, barrierearm, balkon
hash: 997a0a6368c447930c7fb44226035015e8d5c5413dd6c44667fb7b7cb5f65f1c

2026-04-30 10:49:27,821 [INFO] flats: Application sent:
2-Zimmer-Wohnung in Mitte
zip code: 10178
flat size: 59.9
rooms: 2.0
property attributes: bad mit wanne, balkon
hash: 81ebd3190035257550d944fd2e009cbd589e35152b8f9a58785dc6d3b9317aa6

2026-05-04 09:50:21,538 [INFO] flats: Application sent:
3-Zimmer-Wohnung in Mitte
zip code: 10178
flat size: 55.67
rooms: 3.0
property attributes: bad mit wanne, offene küche
hash: ef9b881f01a9cdb72d1f1f99bd997a148a3d0490d5916a5646ec97405e58b244

2026-05-04 11:50:18,966 [INFO] flats: Application sent:
2-Zimmer-Wohnung in Kreuzberg
zip code: 10969
flat size: 50.83
rooms: 2.0
property attributes: bad mit dusche, aufzug, balkon
hash: 99c7814b0dea7a755ef17677bfe77bc23eb1d3153440144a6f569804f9292efe

2026-05-07 11:49:19,354 [INFO] flats: Application sent:
Dachgeschosswohnung mit großen Balkon in Mitte
zip code: 10117
flat size: 55.68
rooms: 2.0
property attributes: bad mit wanne, aufzug, barrierearm, balkon
hash: 9efb048e2c7e5b6a1e4155ba1dff5fd6bb00311d4fff87aa6de9407834a74fff

2026-05-07 12:19:59,492 [INFO] flats: Application sent:
City-Apartment in Mitte
zip code: 10179
flat size: 26.84
rooms: 1.0
property attributes: bad mit dusche, aufzug, neubau
hash: 71918d7d215f24266328301ffd1b0513fa35bfb16e50ed5087952e9e98014440

2026-05-07 16:49:34,526 [INFO] flats: Application sent:
1-Zimmer-Wohnung in Friedrichshain für Auszubildende und Studenten
zip code: 10249
flat size: 37.15
rooms: 1.0
property attributes: bad mit fenster, abstellraum
hash: d0026eaf6d807300e366f78a1e48fe9213ac567b9c1e4deb961fbf4c8bade892

2026-05-07 16:49:41,622 [INFO] flats: Application sent:
1-Zimmer-Wohnung in Friedrichshain
zip code: 10249
flat size: 43.54
rooms: 1.0
property attributes: bad mit wanne, bad mit fenster, abstellraum
hash: de38fb575a59e4812bb648e0ba396d5b59047e7877d6710ad6d5bad81730c96b

2026-05-07 16:49:48,632 [INFO] flats: Application sent:
3-Zimmer-Wohnung in Friedrichshain
zip code: 10243
flat size: 55.12
rooms: 3.0
property attributes: bad mit wanne
hash: f4f4a220947bc652bc5e37e34b6bcbe06de4a5909463f19c599998bc30208c29

2026-05-08 17:58:22,998 [INFO] flats: Application sent:
4-Zimmer-Wohnung in Friedrichshain
zip code: 10249
flat size: 85.0
rooms: 4.0
property attributes: bad mit wanne, aufzug, balkon, abstellraum
hash: 7e984ed9ac8b2ae7f200104a56e0aea6d1a0661613a4081ca22dc19c8b7884d1

2026-05-08 17:58:29,843 [INFO] flats: Application sent:
3-Zimmer-Wohnung in Friedrichshain
zip code: 10249
flat size: 66.88
rooms: 3.0
property attributes: bad mit wanne, aufzug, balkon
hash: a0774c64c122220a6cbe1066677782174d16a637a48266deddeee1cf7c733ea9

2026-05-08 17:58:36,806 [INFO] flats: Application sent:
2-Zimmer-Wohnung in Friedrichshain
zip code: 10243
flat size: 47.97
rooms: 2.0
property attributes: bad mit wanne, bad mit fenster
hash: 27c9766876a1250582c8ec8c8d76a11f370a0ee453ac8e1eb371ed794bc490a2

2026-05-11 09:49:02,765 [INFO] flats: Application sent:
3-Zimmer-Wohnung mit WBS 140
zip code: 10117
flat size: 74.6
rooms: 3.0
property attributes: bad mit wanne, aufzug, barrierearm, balkon
hash: b0bf4c20a6e6d462d1ffa03c89c91de4d6504f7c656b308b1fb13b4aae16e1bd

2026-05-11 09:49:10,962 [INFO] flats: Application sent:
2-Zimmer-Wohnung in Friedrichshain
zip code: 10179
flat size: 62.79
rooms: 2.0
property attributes: bad mit wanne, aufzug, balkon, abstellraum
hash: c4d3913ff65bcfcdc237cee078203ad3dd8e951c8e7142f1070ee1d39ad93773

2026-05-11 09:49:19,353 [INFO] flats: Application sent:
2-Zimmer-Wohnung in Friedrichshain
zip code: 10243
flat size: 60.19
rooms: 2.0
property attributes: bad mit wanne, aufzug
hash: ff6cdaef0141771b71e32f6d8a51f9be13c17bdb0978556161240f4535eba61a

2026-05-11 09:49:26,529 [INFO] flats: Application sent:
2-Zimmer-Wohnung in Mitte
zip code: 10117
flat size: 60.9
rooms: 2.0
property attributes: bad mit wanne, aufzug, barrierearm
hash: 102e0861a81d975ab6e104c3b9ed24e48a02b8a85d4dde7433d89550102048b0

2026-05-11 09:49:34,135 [INFO] flats: Application sent:
3-Zimmer-Wohnung
zip code: 10179
flat size: 64.56
rooms: 3.0
property attributes: bad mit wanne, aufzug, offene küche, barrierearm
hash: 402be394976c6bd6eb489142ed0255d5cf1cc0653fc9bf705718202c345e07ae

2026-05-11 10:48:57,022 [INFO] flats: Application sent:
2-Zimmer-Wohnung in Friedrichshain
zip code: 10243
flat size: 63.34
rooms: 2.0
property attributes: bad mit dusche, aufzug, balkon, abstellraum
hash: df39ea88d7513b8216c374ea043cdbeafaf5816a1b873ac4024d704b9658b339

2026-05-11 10:49:05,320 [INFO] flats: Application sent:
2-Zimmer-Wohnung mit WBS 160-220
zip code: 10179
flat size: 56.32
rooms: 2.0
property attributes: bad mit wanne, aufzug, balkon, abstellraum
hash: 441d9680b7d2d21ac437633414a40bd4997e1a8ab4c9b177c3435237b95493cb

2026-05-11 12:40:33,051 [INFO] flats: Application sent:
Großzügige 2-Zimmerwohnung in Friedrichshain
zip code: 10247
flat size: 73.72
rooms: 2.0
property attributes: bad mit wanne, balkon, abstellraum
hash: a64b6052e26ebe708f36a4d089e3c11e243f4989195385a9b51765e657032018

2026-05-11 12:40:41,077 [INFO] flats: Application sent:
2-Zimmer-Wohnung in Friedrichshain
zip code: 10245
flat size: 49.95
rooms: 2.0
property attributes: bad mit wanne, bad mit fenster, balkon
hash: e0e85e2fa0c9ceb3293910fedd0d8c1b39fb5e9741f40b2ce65dfd2f93e75770

2026-05-11 15:28:08,813 [INFO] flats: Application sent:
3-Zimmer-Wohnung in Friedrichshain
zip code: 10249
flat size: 56.19
rooms: 3.0
property attributes: bad mit wanne, aufzug
hash: a6233625982ed6596502149559773bb087bcf4d5173cfce97b5ec9b424a6628c

2026-05-13 10:08:01,028 [INFO] flats: Application sent:
2-Zimmer-Wohnung in Friedrichshain an der Weberwiese
zip code: 10243
flat size: 52.18
rooms: 2.0
property attributes: bad mit wanne
hash: 6602a6050c8e13874d5a619deea9d2856a9be1c8e8d7b46e03e1afeb8f7e0407

2026-05-13 11:20:04,897 [INFO] flats: Application sent:
2-Zimmer-Wohnung in Friedrichshain
zip code: 10243
flat size: 62.8
rooms: 2.0
property attributes: bad mit wanne, bad mit fenster
hash: 7d1de8a2bd80b4fa0eb338faeaeeb7604371588844791d7175dbdad0e0d7471e

2026-05-13 14:50:16,761 [INFO] flats: Application sent:
2-Zimmer-Wohnung in Friedrichshain
zip code: 10249
flat size: 55.16
rooms: 2.0
property attributes: bad mit dusche, bad mit fenster, balkon
hash: 1de870c40192c6e6b38103042cb47d1db762b9d759ef35d3ba0fc68ad3909b19

2026-05-18 05:49:30,304 [INFO] flats: Application sent:
4-Zimmer-Wohnung in Friedrichshain
zip code: 10243
flat size: 79.93
rooms: 4.0
property attributes: bad mit wanne, aufzug, balkon, abstellraum
hash: 7d2a37ae21162765985e1f1241326dc0647e2a74216127c3fc89ef1ab360fece

2026-05-19 13:49:32,839 [INFO] flats: Application sent:
3-Zimmer-Wohnung in Friedrichshain
zip code: 10245
flat size: 61.18
rooms: 3.0
property attributes: bad mit wanne, bad mit fenster, rolladen, abstellraum
hash: 556c94f9b623e5dbeb12f265bdbe54dfcf1608138cd5c3a7c6444b1b5510c90b

2026-05-19 13:49:41,281 [INFO] flats: Application sent:
3-Zimmer-Wohnung in Friedrichshain
zip code: 10247
flat size: 88.55
rooms: 3.0
property attributes: bad mit wanne, aufzug, balkon, abstellraum
hash: bd4fbe097f46a8951e4c2178d61fe4b3b8e669160df5e03ce137248bae272293

2026-05-19 14:49:20,711 [INFO] flats: Application sent:
1-Zimmer-Wohnung in Friedrichshain
zip code: 10247
flat size: 44.18
rooms: 1.0
property attributes: bad mit dusche, bad mit fenster, abstellraum
hash: 46be6e25e801143c95b07100dd786aedcb1fb33ef7070b242efac072b3a46b3a

2026-06-15 09:50:12,647 [INFO] flats: Application sent:
2-Zimmer-Wohnung in Mitte
zip code: 10178
flat size: 31.4
rooms: 2.0
property attributes: bad mit dusche, aufzug, barrierearm, abstellraum
hash: 60ac338f7d1f173e78aadc61004f018df6e660fc16dc4521abe4b65f184746b9

2026-06-15 10:19:52,226 [INFO] flats: Application sent:
2-Zimmer-Wohnung in Mitte
zip code: 10178
flat size: 55.15
rooms: 2.0
property attributes: bad mit dusche, aufzug, einbauküche, offene küche, balkon
hash: 6028d49f2ae6965e7e9c87721c0a36ec1fd25e521651a6ac158786454de3404a

2026-06-16 06:49:04,656 [INFO] flats: Application sent:
3-Zimmer-Wohnung
zip code: 10117
flat size: 74.6
rooms: 3.0
property attributes: bad mit wanne, aufzug, barrierearm, balkon
hash: 64b0e7206ba6f1587f66ea42c455c12ee6cb2160b8cdcc3ecabc1da87b2306ae

2026-06-16 11:49:17,555 [INFO] flats: Application sent:
2-Zimmer-Wohnung in Mitte mit 2 Balkonen
zip code: 10178
flat size: 52.1
rooms: 2.0
property attributes: bad mit dusche, aufzug, offene küche, balkon, abstellraum
hash: 3d51d138faa99c3cdb141c318bcfdb5dbc964132f7726d0d8d0cd223c25e5999

2026-06-16 16:48:49,094 [INFO] flats: Application sent:
2-Zimmer-Wohnung in Friedrichshain
zip code: 10243
flat size: 56.31
rooms: 2.0
property attributes: bad mit wanne, aufzug, balkon, abstellraum
hash: 60eda358adfd684d0aba94881a49cd4b1012d9fbba1857302fcf9a5378444258

2026-06-18 12:57:49,776 [INFO] flats: Application sent:
2-Zimmer-Wohnung in Friedrichshain
zip code: 10243
flat size: 58.51
rooms: 2.0
property attributes: bad mit wanne, aufzug, balkon, abstellraum
hash: 089560eb2c3036ac5489a388fb635097ead7e65fee3d382e15bf8b96823b2a9e

2026-06-18 12:57:56,846 [INFO] flats: Application sent:
2-Zimmer-Wohnung in Friedrichshain
zip code: 10247
flat size: 51.86
rooms: 2.0
property attributes: bad mit dusche, bad mit fenster, balkon, abstellraum
hash: 0672fb401763adc42eb1202ab95bfb41d475db5b5638cc17f32502228667e026

2026-06-23 17:48:49,913 [INFO] flats: Application sent:
3-Zimmer-Wohnung in Friedrichshain
zip code: 10249
flat size: 53.91
rooms: 3.0
property attributes: bad mit wanne, aufzug
hash: ff73056d06f28889db467f16813800424f666a004d2f98846024f95c014a852c

2026-06-24 08:28:18,040 [INFO] flats: Application sent:
4-Zimmer-Wohnung mit WBS 160-220
zip code: 10179
flat size: 84.74
rooms: 4.0
property attributes: bad mit wanne, aufzug
hash: c59a64a666cab6fe58b6d85b5c3611ea3b9263c54611441bd510f45361816076

2026-06-24 08:28:25,965 [INFO] flats: Application sent:
4-Zimmer-Wohnung in Mitte mit WBS 160-220
zip code: 10179
flat size: 84.74
rooms: 4.0
property attributes: bad mit wanne, aufzug
hash: e9a8a98a9a33808c5e5593fca6f52ac438397358aaef08a8a34223074311c2db

2026-06-24 12:07:23,872 [INFO] flats: Application sent:
2-Zimmer-Wohnung in Friedrichshain an der Weberwiese
zip code: 10243
flat size: 58.67
rooms: 2.0
property attributes: bad mit wanne
hash: 7ab23d1470f8dc0b7364adf44368b30759870899f8caa36183e7cd5a49a2597d

2026-06-24 14:48:47,947 [INFO] flats: Application sent:
2-Zimmer-Wohnung in Friedrichshain in Nähe vom Ostbahnhof
zip code: 10243
flat size: 54.21
rooms: 2.0
property attributes: bad mit wanne, bad mit fenster
hash: f398320966ba96cf3a51b784bd9b76eacc536907ab26d62a16c68f6c234ad404

2026-06-24 15:18:52,895 [INFO] flats: Application sent:
3-Zimmer-Wohnung in Friedrichshain
zip code: 10249
flat size: 64.17
rooms: 3.0
property attributes: bad mit wanne, aufzug, offene küche, barrierearm, balkon
hash: 2b6b00bb72cbfe560f1cab9fb15b8e495c05723f0ce7ee760d8ebabcc504d562

2026-06-24 15:19:00,678 [INFO] flats: Application sent:
2-Zimmer-Wohnung in Friedrichshain
zip code: 10249
flat size: 48.23
rooms: 2.0
property attributes: bad mit dusche
hash: c11cefefefb0d5506db032d043ea4bb22564fa1bf8b9a42235e7e1aa4216ba16

2026-06-24 15:49:13,899 [INFO] flats: Application sent:
3-Zimmer-Wohnung in Mitte
zip code: 10119
flat size: 63.31
rooms: 3.0
property attributes: bad mit wanne, balkon, abstellraum
hash: 51e469db26da3df95516ab61e0a893a47bf8355c427b4848a2526c2549fc594e

2026-06-25 13:48:45,313 [INFO] flats: Application sent:
Möblierte 1-Zimmer-Wohnung in Mitte
zip code: 10179
flat size: 26.84
rooms: 1.0
property attributes: bad mit dusche, aufzug, neubau, einbauküche, offene küche
hash: 12a03f4809132b3ca64fe149e7c4d0197a430bf1cbad50ec6c32bd2d39d57580

2026-06-25 15:49:21,692 [INFO] flats: Application sent:
3-Zimmer-Wohnung in Mitte
zip code: 10179
flat size: 56.32
rooms: 3.0
property attributes: bad mit wanne, balkon
hash: da752494b0eca9de465ac35f922ab14eddf9e2ae8c0f36dd30b6b49b6f7aa98a

2026-06-25 15:49:29,971 [INFO] flats: Application sent:
3-Zimmer-Wohnung in Friedrichshain
zip code: 10249
flat size: 53.95
rooms: 3.0
property attributes: bad mit wanne, aufzug
hash: 37430705e275d52b56f9506c255c0024e306abd3ae859f4010540c332a3bb5cf

2026-06-26 20:49:32,906 [INFO] flats: Application sent:
4-Zimmer-Wohnung in Mitte
zip code: 10119
flat size: 77.39
rooms: 4.0
property attributes: balkon
hash: 90ba70bf1dfea98e6ad2623a894b24d33e1be68867cb717fcf7fc4e01cb8b84e

2026-06-29 08:48:52,902 [INFO] flats: Application sent:
2-Zimmer-Wohnung in Mitte
zip code: 10178
flat size: 59.9
rooms: 2.0
property attributes: bad mit wanne, aufzug, barrierearm, balkon
hash: c61614aae5bd8cd65381d08465c9c1a7bf3f4d9ef90157d09c43a3cec46ecc5e

2026-06-29 15:49:26,849 [INFO] flats: Application sent:
3-Zimmer-Wohnung in Friedrichshain
zip code: 10249
flat size: 53.56
rooms: 3.0
property attributes: bad mit wanne, aufzug
hash: 6c275f49436f961d59b9f97e2cdf8007a208720071d0dbe58b3df10da8bc2767

2026-06-30 14:49:32,351 [INFO] flats: Application sent:
2-Zimmer-Wohnung in Friedrichshain
zip code: 10245
flat size: 56.65
rooms: 2.0
property attributes: bad mit wanne, bad mit fenster, offene küche, abstellraum
hash: b521202a9e495de0d6aca44d95121dc22225522148ca3a963383c27ef42640e5

2026-06-30 15:28:13,232 [INFO] flats: Application sent:
Maisonette 1-Zimmer-Wohnung in Friedrichshain
zip code: 10249
flat size: 62.89
rooms: 1.0
property attributes: bad mit wanne, aufzug
hash: 93d592c9f7b28591aeb7be774ed453dd4188ea5f19216e98fa027e2d1d9811d2

2026-06-30 17:40:29,012 [INFO] flats: Application sent:
2-Zimmer-Wohnung in Friedrichshain
zip code: 10249
flat size: 47.42
rooms: 2.0
property attributes: bad mit dusche, aufzug, barrierearm
hash: 6687920a93855dae5cf92a58a225e79e040e1ece6dca6ad18debde889e71e6d5

2026-06-30 17:40:36,724 [INFO] flats: Application sent:
3-Zimmer-Wohnung in Friedrichshain
zip code: 10249
flat size: 74.4
rooms: 3.0
property attributes: bad mit wanne, aufzug, balkon, abstellraum
hash: 8bde0f9696c2be5962f20843e2a8f15103b071a639c1b7d5b20a3c11d772aef3

2026-07-02 10:49:33,588 [INFO] flats: Application sent:
2-Zimmer-Wohnung in Friedrichshain
zip code: 10247
flat size: 43.34
rooms: 2.0
property attributes: bad mit dusche, balkon
hash: b78ee7dab2532f2163dd94161daf08d48676c0687eac71b34318e24963cb6469

2026-07-03 09:28:16,554 [INFO] flats: Application sent:
2-Zimmer-Wohnung in Mitte
zip code: 10119
flat size: 49.05
rooms: 2.0
property attributes: bad mit wanne, offene küche
hash: 5215952337eee578826449ec68cee55a5ee69f2909cbe6ef3d00458744e845cd

2026-07-03 13:49:58,091 [INFO] flats: Application sent:
2-Zimmer-Wohnung in Mitte
zip code: 10119
flat size: 52.16
rooms: 2.0
property attributes: bad mit wanne, offene küche
hash: 0ccd2d413e1684d321179c7f0fae735c63d6f68584805aaa604bfa7714131464

2026-07-06 15:48:57,414 [INFO] flats: Application sent:
3-Zimmer-Wohnung in Friedrichshain
zip code: 10243
flat size: 72.94
rooms: 3.0
property attributes: bad mit wanne, bad mit fenster, aufzug
hash: 40ad7cc6369b417ed908d969fe96961534ad920067a71661b08c05296cb7b34f

2026-07-08 12:19:51,621 [INFO] flats: Application sent:
2-Zimmer-Wohnung in Mitte am Gendarmenmarkt
zip code: 10117
flat size: 56.52
rooms: 2.0
property attributes: bad mit wanne
hash: edd0cc2c4ceee437fd3d8200c07b687e23740e3a9e63da43fd7fef8b33d8cf11

2026-07-09 10:49:24,568 [INFO] flats: Application sent:
2-Zimmer-Wohnung in Friedrichshain
zip code: 10249
flat size: 74.7
rooms: 2.0
property attributes: bad mit wanne
hash: 2478c5ffc89cba2d139f8ac3ff193c7ef1d3c7f7adeb782523c89b58617fe49c

2026-07-09 11:38:40,306 [INFO] flats: Application sent:
3-Zimmer-Wohnung in Friedrichshain
zip code: 10247
flat size: 56.3
rooms: 2.0
property attributes: bad mit dusche, balkon
hash: 4ee5a2e0fa7113a414ce0dd864a373877365c34d0016f995b8c572538b3217b2

2026-07-10 08:49:42,376 [INFO] flats: Application sent:
2-Zimmer-Wohnung in Friedrichshain
zip code: 10243
flat size: 56.28
rooms: 2.0
property attributes: bad mit dusche, aufzug, balkon
hash: f4a0f90974c44f262c6172a173fd8956e342c246f95b4b830bbb433b615d0952

2026-07-15 08:50:04,932 [INFO] flats: Application sent:
2-Zimmer-Wohnung in Friedrichshain
zip code: 10243
flat size: 48.02
rooms: 2.0
property attributes: bad mit wanne, bad mit fenster, balkon
hash: 168e565b95c7e8200d4f361edf5a86ce0d59f4c5539c2a3c608ddc846dc76351

2026-07-21 10:08:39,600 [INFO] flats: Application sent:
2-Zimmer-Wohnung in Friedrichshain
zip code: 10243
flat size: 52.37
rooms: 2.0
property attributes: bad mit wanne, bad mit fenster
hash: 8c4fedcf4ab7f360172045267d44ee5e4a88ec415514dd0f1bf4abf23adcfe95

2026-07-21 12:08:17,015 [INFO] flats: Application sent:
1-Zimmer-Wohnung in Friedrichshain
zip code: 10243
flat size: 34.88
rooms: 1.0
property attributes: bad mit wanne, bad mit fenster
hash: 5ee508380854a7b27cc8809ae68dcf648e88eb6415d73b874afdf62f7f6103ae

2026-07-21 14:31:52,775 [INFO] flats: Application sent:
3-Zimmer-Wohnung in Mitte
zip code: 10178
flat size: 78.19
rooms: 3.0
property attributes: bad mit wanne, aufzug, barrierearm, balkon
hash: 3f13e5ec5afc45b2b921bde633c9632f79f87e4c5ae1073f24f78c5ea07cbeb2

2026-07-21 14:38:07,917 [INFO] flats: Application sent:
2-Zimmer-Wohnung in Friedrichshain
zip code: 10249
flat size: 66.39
rooms: 2.0
property attributes: bad mit wanne, bad mit fenster, abstellraum
hash: eb9dff0273a941f6369436ae1cabe34fe8151bf904dab8a0b3918a2228f33a68

2026-07-27 12:04:53,677 [INFO] flats: Application sent:
4-Zimmer-Wohnung in Wilmersdorf
zip code: 10715
flat size: 109.34
rooms: 4.0
property attributes: bad mit dusche, bad mit wanne, bad mit fenster, aufzug, balkon
hash: 7b8358aed2d51b2bf849d8516dec965623cfe4fd78bf14e03312d7b500776b21

2026-07-27 12:38:37,009 [INFO] flats: Application sent:
1-Zimmer-Wohnung in Mitte
zip code: 10178
flat size: 47.34
rooms: 1.0
property attributes: bad mit dusche, bad mit fenster, aufzug, barrierearm
hash: 850c0317a05252add7cf9a0dc27beeafc7beb525dc904d4a8d3fbeb53deaf7bd

2026-08-07 13:51:31,618 [INFO] flats: Application sent:
Möbliertes City-Apartment an der Fischerinsel
zip code: 10179
flat size: 43.27
rooms: 2.0
property attributes: aufzug, neubau, einbauküche, abstellraum
hash: df423ec66160cdd4eff5c20e29b1634a9241197faf4e98a6733e4a79b94db47b

2026-08-10 16:48:53,216 [INFO] flats: Application sent:
2-Zimmer-Wohnung in Friedrichshain
zip code: 10249
flat size: 63.81
rooms: 2.0
property attributes: bad mit wanne, aufzug, barrierearm, balkon
hash: 3f1b046c9ca27571d3036b027c55dce30386aefe68ee185f506b0587fe179e6e

2026-08-12 06:48:54,915 [INFO] flats: Application sent:
3-Zimmer-Wohnung in Wedding
zip code: 13351
flat size: 53.18
rooms: 3.0
property attributes: bad mit wanne, balkon
hash: 50a4cc3fa88c165a2fbb88e6f1dbd64e0efaccc06f53c453cfb09488b9baf5c7

2026-08-12 06:49:04,144 [INFO] flats: Application sent:
3-Zimmer-Wohnung in Wedding
zip code: 13351
flat size: 53.72
rooms: 3.0
property attributes: bad mit wanne, bad mit fenster, balkon
hash: 4212e2e4a8f06879c6f6de034b4766cbad4fa5384b73a36f08f26d86bfd4094f

2026-08-12 07:40:23,599 [INFO] flats: Application sent:
3-Zimmer-Wohnung in Mitte
zip code: 10179
flat size: 62.52
rooms: 3.0
property attributes: bad mit wanne, aufzug, barrierearm, balkon
hash: fba730af04710d278a0b303a768969f2310fd7c0480ccbf337f70cfff4134354

2026-08-12 07:40:38,510 [INFO] flats: Application sent:
2-Zimmer-Wohnung in Wedding
zip code: 13351
flat size: 45.87
rooms: 2.0
property attributes: bad mit wanne, balkon
hash: f927337e32ed2d1822e683f1f396a89c7330dce3bb754313140b57ceca2d78f8

2026-08-12 08:49:06,936 [INFO] flats: Application sent:
3-Zimmer-Wohnung in Wedding
zip code: 13351
flat size: 60.88
rooms: 3.0
property attributes: bad mit wanne, rolladen
hash: 76f4dbc9824ab2abdd6047fd7f602c971c328118ad79c88f4cbc00bb5a7306a7

2026-08-12 09:19:20,186 [INFO] flats: Application sent:
3-Zimmer-Wohnung in Mitte
zip code: 10179
flat size: 54.25
rooms: 3.0
property attributes: bad mit wanne, aufzug
hash: ceaec7ad5c71120d550371a446721e6b616eef01ee22f6304772b4ded61620cc

2026-08-13 15:49:18,371 [INFO] flats: Application sent:
4-Zimmer-Wohnung in Friedrichshain
zip code: 10249
flat size: 65.09
rooms: 4.0
property attributes: bad mit wanne, aufzug
hash: c38f35e899b40e1eb247dbf6ee7db88fe5a490ba802a0ea260891cdfe9c2380a

2026-08-13 15:49:29,703 [INFO] flats: Application sent:
3-Zimmer-Wohnung in Friedrichshain
zip code: 10249
flat size: 54.11
rooms: 3.0
property attributes: bad mit wanne, aufzug
hash: 827b5cb945eacd9d1bc5a71f79e11a49dfb3d3f888629bb413db85b3e0ec9a20

2026-08-13 17:49:22,336 [INFO] flats: Application sent:
2-Zimmer-Wohnung in Friedrichshain
zip code: 10247
flat size: 48.07
rooms: 2.0
property attributes: bad mit wanne, bad mit fenster, rolladen
hash: d931888a69e59c2ea714b0792c6e798d1ebf6151fd5c1cf3c1ec114dd164d746

2026-08-14 13:48:49,892 [INFO] flats: Application sent:
3-Zimmer-Wohnung in Friedrichshain
zip code: 10243
flat size: 66.07
rooms: 3.0
property attributes: bad mit wanne, aufzug, balkon
hash: 3ae6587ab0df0e9e087494caa5c1679bb15b96161b1caf91a4083d100669e945

2026-08-14 14:28:26,843 [INFO] flats: Application sent:
MIT WBS160-220! 3-Zimmer-Wohnung in Friedrichshain
zip code: 10243
flat size: 75.66
rooms: 3.0
property attributes: bad mit dusche, aufzug, balkon
hash: fe85edd6e798a0f9b4b3a8f5ee0bb66be9305fd6590f138966ed594cdc4ea8a5

2026-08-17 06:20:07,744 [INFO] flats: Application sent:
3-Zimmer-Wohnung in Friedrichshain
zip code: 10249
flat size: 53.36
rooms: 3.0
property attributes: bad mit wanne, aufzug
hash: 345b949190787c73e738213755c66cec15f0fbeeec9c4b8ef91d7a3f0719549c

2026-08-18 12:49:39,049 [INFO] flats: Application sent:
2-Zimmer-Wohnung in Friedrichshain
zip code: 10243
flat size: 49.66
rooms: 2.0
property attributes: bad mit wanne, bad mit fenster, balkon
hash: cd40092881f2deea6782aa64087b57344d4ea7d7f88be5830400c511127654f2

2026-08-19 15:50:00,906 [INFO] flats: Application sent:
2-Zimmer-Wohnung in Friedrichshain
zip code: 10249
flat size: 43.15
rooms: 2.0
property attributes: bad mit wanne, aufzug, barrierearm, balkon
hash: d050ddc2f40d171ab30ed79a9d4122a1cf8881d39cfaf02170c2dee8e97af02c

2026-08-19 15:50:21,384 [INFO] flats: Application sent:
2-Zimmer-Wohnung in Friedrichshain
zip code: 10249
flat size: 56.88
rooms: 2.0
property attributes: bad mit wanne, aufzug, barrierearm, balkon
hash: 58f0ac3c7461af5394f5212a7e7e00122dbf10c1730ce61cc19ba917b81d3832

2026-08-19 15:51:06,573 [INFO] flats: Application sent:
1-Zimmer-Wohnung in Friedrichshain
zip code: 10249
flat size: 37.75
rooms: 1.0
property attributes: bad mit dusche, balkon
hash: b00bebe38fa541eaa01fef7aacf9142d9858ae57c2e008ab28ba908d059283b0

2026-08-19 15:51:27,575 [INFO] flats: Application sent:
3-Zimmer-Wohnung in Friedrichshain
zip code: 10249
flat size: 65.7
rooms: 3.0
property attributes: bad mit dusche, bad mit fenster, balkon
hash: 734b8956b3feb7fa827a2f701208fb8c8bf75f841c952d4b9a55c3af1cfd76ec

2026-08-19 15:51:56,782 [INFO] flats: Application sent:
1-Zimmer-Wohnung in Friedrichshain
zip code: 10249
flat size: 38.44
rooms: 1.0
property attributes: bad mit dusche, bad mit fenster, balkon
hash: c3df867802f0a535577082ff5e0bc0cf3419d5dc4a6d0ec1280ba4e57ce911a2

2026-08-19 17:08:10,260 [INFO] flats: Application sent:
2-Zimmer-Wohnung in Friedrichshain
zip code: 10249
flat size: 54.0
rooms: 2.0
property attributes: bad mit wanne, bad mit fenster, aufzug, balkon
hash: 724cccbb1715b3643e238348221807fdebb0d34181f770a7b6cbdfb2115c6d72

2026-08-20 12:50:04,452 [INFO] flats: Application sent:
2-Zimmer-Wohnung in Mitte
zip code: 10179
flat size: 63.45
rooms: 2.0
property attributes: bad mit wanne, balkon
hash: 6510fcc60e0b1e7b920c203ec83c1b6e18abc59a1158af2e8298bc108a7221b0

2026-08-20 16:29:36,873 [INFO] flats: Application sent:
3-Zimmer-Wohnung in Friedrichshain
zip code: 10249
flat size: 56.33
rooms: 3.0
property attributes: bad mit wanne, bad mit fenster
hash: 0c422ffd4dd500a9c81e8ec1662b645f4d05f51037528b82ea02f9a7a95afffb

2026-08-20 16:30:52,219 [INFO] flats: Application sent:
3-Zimmer-Wohnung in Friedrichshain
zip code: 10243
flat size: 86.53
rooms: 3.0
property attributes: bad mit wanne, aufzug, balkon, abstellraum
hash: 6dfc709251087543e67c9c89671589fcc77f890473d111279645073bf59071bf

2026-08-20 16:31:41,148 [INFO] flats: Application sent:
4-Zimmer-Wohnung in Friedrichshain
zip code: 10243
flat size: 79.97
rooms: 4.0
property attributes: bad mit wanne, aufzug, balkon, abstellraum
hash: a8598c1fcc1cb6b382a36479c7d11dbd68e203d6d896b726be5241d7a9ab973e

2026-08-20 16:32:39,110 [INFO] flats: Application sent:
2-Zimmer-Wohnung in Friedrichshain
zip code: 10243
flat size: 59.24
rooms: 2.0
property attributes: bad mit wanne, abstellraum
hash: 8b5e8d9b1fcd7784fd9f78224b142038d4cbd0d6261b51db62e94dcffd430d20

2026-08-20 16:32:54,503 [INFO] flats: Application sent:
2-Zimmer-Wohnung in Friedrichshain
zip code: 10243
flat size: 54.4
rooms: 2.0
property attributes: bad mit dusche, rolladen, abstellraum
hash: 9efc8ecf46f5ed64ecc79efa82e975bd858b5232cad7e6115fca620f84a19eda

2026-08-20 16:50:22,316 [INFO] flats: Application sent:
1-Zimmer-Wohnung in Friedrichshain
zip code: 10249
flat size: 37.47
rooms: 1.0
property attributes: bad mit dusche, bad mit fenster, balkon
hash: aeb8208378a0dea22996b35679a26d7505144b15b11916a69d3d59bb78d2bd4b

2026-08-21 15:49:34,369 [INFO] flats: Application sent:
2-Zimmer-Wohnung in Friedrichshain
zip code: 10243
flat size: 56.87
rooms: 2.0
property attributes: bad mit wanne, balkon, abstellraum
hash: eaf43296b077c012a1532a6a2ae59510e3a8c7b81ce6cfe1a3d4e4e7cc253ad6

2026-08-26 07:49:36,888 [INFO] flats: Application sent:
3-Zimmer-Wohnung in Mitte
zip code: 10178
flat size: 76.4
rooms: 3.0
property attributes: bad mit wanne, aufzug, balkon
hash: f2fed7dd4558b929c2f49a0466227b506d387a5c8d8fb84427a58584380129d1

2026-08-26 07:50:02,722 [INFO] flats: Application sent:
2-Zimmer-Wohnung in Mitte mit WBS 160/140/100
zip code: 10179
flat size: 56.9
rooms: 2.0
property attributes: bad mit dusche, bad mit fenster, aufzug, neubau, balkon
hash: 439dee3fae962131e2603944e726316034d3274aed2a8eae84415609284c622b

2026-08-27 12:49:12,488 [INFO] flats: Application sent:
2-Zimmer-Wohnung in Mitte
zip code: 10179
flat size: 34.81
rooms: 2.0
property attributes: bad mit dusche
hash: ad03370138d3fdeb358224e5d7884dc402a3ef4df1efceee69dfa6d32b480946

2026-08-28 05:37:31,114 [INFO] flats: Application sent:
4-Zimmer-Wohnung mit WBS 160-220
zip code: 10179
flat size: 68.59
rooms: 4.0
property attributes: bad mit wanne, aufzug, offene küche
hash: fb17af6c51360094c70f70d669f42a27151d01a68804d8931e1d44464d0c37a7

2026-08-28 05:37:43,220 [INFO] flats: Application sent:
3-Zimmer-Wohnung in Tiergarten
zip code: 10557
flat size: 84.04
rooms: 3.0
property attributes: bad mit wanne, balkon
hash: 9a5f30624951efbb5a098561bf3dd287b65a943ce9d1ac129a8802f3320f7f41

2026-08-28 13:52:16,236 [INFO] flats: Application sent:
2-Zimmer-Wohnung in Friedrichshain
zip code: 10245
flat size: 53.48
rooms: 2.0
property attributes: bad mit wanne, bad mit fenster, balkon, abstellraum
hash: befdd23c3023393e7706e0aa613a0a303151803905acd375687ed9d5d77bfef0

2026-08-28 13:52:44,192 [INFO] flats: Application sent:
2-Zimmer-Wohnung in Friedrichshain
zip code: 10247
flat size: 73.72
rooms: 2.0
property attributes: bad mit wanne, balkon, abstellraum
hash: 2e0036499cd46702c15aa92f1d72968cbb813d0c042eeeee15441838637df77a

2026-08-28 13:54:18,209 [INFO] flats: Application sent:
2-Zimmer-Wohnung in Friedrichshain
zip code: 10247
flat size: 63.34
rooms: 2.0
property attributes: bad mit wanne, bad mit fenster, balkon, abstellraum
hash: 3eea537375bd8a03333fba77cfb22f430afe2dc3b6b97e84106fd45723f49610

2026-08-28 13:57:13,114 [INFO] flats: Application sent:
2-Zimmer-Wohnung in Friedrichshain
zip code: 10245
flat size: 54.45
rooms: 2.0
property attributes: bad mit dusche, balkon, abstellraum
hash: 2152daacfc65eed39c0edd0d4226cd5ce637c163db9f1ee7b9e917e96d95531a

2026-08-28 14:21:51,540 [INFO] flats: Application sent:
4-Zimmer-Wohnung in Friedrichshain
zip code: 10247
flat size: 84.05
rooms: 4.0
property attributes: bad mit wanne, balkon, abstellraum
hash: 0740b72231081f9347e4ac7437df2e8f24b98203ae104318c06adcbab6745256

2026-08-31 12:49:11,131 [INFO] flats: Application sent:
2-Zimmer-Wohnung in Friedrichshain
zip code: 10179
flat size: 52.81
rooms: 2.0
property attributes: bad mit wanne, aufzug, abstellraum
hash: d0f3ca3ec20ff9935aeffb5ce3ce2a697e7c6bba13582fd9937caf2ec81bdbde

2026-08-31 12:49:22,122 [INFO] flats: Application sent:
1-Zimmer-Wohnung in Friedrichshain
zip code: 10243
flat size: 38.83
rooms: 1.0
property attributes: bad mit wanne, aufzug, balkon
hash: b23582cf00751dedc18deca9acbffed440601669342aff2d1ee9409a10646a68

2026-08-31 14:49:21,518 [INFO] flats: Application sent:
2-Zimmer-Wohnung in Friedrichshain
zip code: 10243
flat size: 60.67
rooms: 2.0
property attributes: bad mit wanne, aufzug
hash: 88159ecdcbcd110e6b33cebb5b49a58093d3b344f77cc943f0830267d43621ac

2026-08-31 16:49:01,928 [INFO] flats: Application sent:
2-Zimmer-Wohnung in Friedrichshain
zip code: 10243
flat size: 56.28
rooms: 2.0
property attributes: bad mit wanne, aufzug, balkon
hash: 4578d02ea469c6c5b1e6e32b48a2b22bbfcea342e14958925451f1d6f7769828

